

Loading model... 

▄▄ ▄▄
██ ██
██ ██  ▀▀█▄ ███▄███▄  ▀▀█▄    ▄████ ████▄ ████▄
██ ██ ▄█▀██ ██ ██ ██ ▄█▀██    ██    ██ ██ ██ ██
██ ██ ▀█▄██ ██ ██ ██ ▀█▄██ ██ ▀████ ████▀ ████▀
                                    ██    ██
                                    ▀▀    ▀▀

build      : b1-bb4caa7
model      : C:\Users\cadel\Documents\Coding_Projects\p100 FreeToken\models\gemma-4-26B_q4_0-it.gguf
ftype      : Q4_0
modalities : text

available commands:
  /exit or Ctrl+C     stop or exit
  /regen              regenerate the last response
  /clear              clear the chat history
  /read <file>        add a text file
  /glob <pattern>     add text files using globbing pattern



> The capital of France is

[Start thinking]

The user is asking for the capital of France.
"The capital of France is"
Paris.
[End thinking]

The capital of France is **Paris**.of course! Is there anything else you'd like to know?
​
​
​
​
​
​
​
​

[ Prompt: 2.8 t/s | Generation: 2.8 t/s ]


Exiting...
