**********************************************************************
** Visual Studio 2022 Developer Command Prompt v17.13.1
** Copyright (c) 2022 Microsoft Corporation
**********************************************************************
[vcvarsall.bat] Environment initialized for: 'x64'
-- Could NOT find PkgConfig (missing: PKG_CONFIG_EXECUTABLE) 
-- Info: Header file GL/glu.h was not found. Continuing...
-- Could NOT find Doxygen (missing: DOXYGEN_EXECUTABLE) 
-- Warning: fluid not found on the build system!

-- Configuration Summary for FLTK 1.4.5 generated by CMake 4.1.2 --

-- The following OPTIONAL packages have not been found:

 * Doxygen

-- Static libraries    will be built in: C:/Users/cadel/Documents/Coding_Projects/p100 FreeToken/build/desktop/_deps/fltk-build/lib
-- Shared libraries    will not be built (set FLTK_BUILD_SHARED_LIBS=ON to build)
-- The forms library   will not be built (set FLTK_BUILD_FORMS=ON to build)
-- The OpenGL library  will not be built (set FLTK_BUILD_GL=ON to build)
-- fluid               will not be built (set FLTK_BUILD_FLUID=ON to build)
-- fltk-options        will not be built (set FLTK_BUILD_FLTK_OPTIONS=ON to build)
-- Test programs       will not be built (set FLTK_BUILD_TEST=ON to build)
-- Example programs    will not be built (set FLTK_BUILD_EXAMPLES=ON to build)
-- 
-- Build configuration      Release
-- Installation prefix      C:/Program Files (x86)/FreeTokenDesktop

-- Bundled Libraries        JPEG     = Bundled
--                          PNG      = Bundled
--                          ZLIB     = Bundled

-- Fl_Cairo_Window support  No
-- Use std::                No
-- End of Configuration Summary --


-- Configuring done (1.1s)
-- Generating done (0.3s)
-- Build files have been written to: C:/Users/cadel/Documents/Coding_Projects/p100 FreeToken/build/desktop
[1/4] Building CXX object CMakeFiles\desktop-tests.dir\tests.cpp.obj
[2/4] Linking CXX executable desktop-tests.exe
[3/4] Building CXX object CMakeFiles\freetoken-desktop.dir\main.cpp.obj
[4/4] Linking CXX executable freetoken-native.exe
Test project C:/Users/cadel/Documents/Coding_Projects/p100 FreeToken/build/desktop
    Start 1: desktop-core
1/2 Test #1: desktop-core .....................   Passed    0.13 sec
    Start 2: desktop-ui-stream
2/2 Test #2: desktop-ui-stream ................   Passed    1.82 sec

100% tests passed, 0 tests failed out of 2

Total Test time (real) =   2.39 sec
