ggml_cuda_init: found 1 CUDA devices (Total VRAM: 8187 MiB):
  Device 0: NVIDIA GeForce RTX 4060 Laptop GPU, compute capability 8.9, VMM: yes, VRAM: 8187 MiB
Testing 2 devices

Backend 1/2: CUDA0
  Device description: NVIDIA GeForce RTX 4060 Laptop GPU
  Device memory: 8187 MB (7106 MB free)

  MUL_MAT_ID(type_a=f16,type_b=f32,n_mats=16,n_used=16,b=0,m=32,n=1024,k=16): [1;32mOK[0m
  MUL_MAT_ID(type_a=f16,type_b=f32,n_mats=2,n_used=2,b=0,m=32,n=8192,k=64): [1;32mOK[0m
  MUL_MAT_ID(type_a=f16,type_b=f32,n_mats=16,n_used=16,b=0,m=50,n=200,k=64): [1;32mOK[0m
  MUL_MAT_ID(type_a=f16,type_b=f32,n_mats=16,n_used=16,b=1,m=32,n=1024,k=16): [1;32mOK[0m
  MUL_MAT_ID(type_a=f16,type_b=f32,n_mats=2,n_used=2,b=1,m=32,n=8192,k=64): [1;32mOK[0m
  MUL_MAT_ID(type_a=f16,type_b=f32,n_mats=16,n_used=16,b=1,m=50,n=200,k=64): [1;32mOK[0m
  MUL_MAT_ID(type_a=f16,type_b=f32,n_mats=1,n_used=1,b=0,m=8,n=16,k=1): [1;32mOK[0m
  MUL_MAT_ID(type_a=q4_0,type_b=f32,n_mats=32,n_used=2,b=0,m=2880,n=32,k=2880): [1;32mOK[0m
  MUL_MAT_ID(type_a=f32,type_b=f32,n_mats=4,n_used=2,b=0,m=64,n=16,k=3): [1;32mOK[0m
  MUL_MAT_ID(type_a=f16,type_b=f32,n_mats=4,n_used=2,b=0,m=64,n=16,k=3): [1;32mOK[0m
  MUL_MAT_ID(type_a=q4_0,type_b=f32,n_mats=4,n_used=2,b=0,m=64,n=16,k=96): [1;32mOK[0m
  MUL_MAT_ID(type_a=q8_0,type_b=f32,n_mats=4,n_used=2,b=0,m=64,n=16,k=96): [1;32mOK[0m
  MUL_MAT_ID(type_a=f32,type_b=f32,n_mats=4,n_used=1,b=0,m=512,n=1,k=256): [1;32mOK[0m
  MUL_MAT_ID(type_a=f32,type_b=f32,n_mats=4,n_used=1,b=0,m=512,n=4,k=256): [1;32mOK[0m
  MUL_MAT_ID(type_a=f32,type_b=f32,n_mats=4,n_used=1,b=0,m=512,n=5,k=256): [1;32mOK[0m
  MUL_MAT_ID(type_a=f32,type_b=f32,n_mats=4,n_used=1,b=0,m=512,n=17,k=256): [1;32mOK[0m
  MUL_MAT_ID(type_a=f32,type_b=f32,n_mats=4,n_used=1,b=0,m=512,n=32,k=256): [1;32mOK[0m
  MUL_MAT_ID(type_a=f32,type_b=f32,n_mats=4,n_used=1,b=0,m=512,n=129,k=256): [1;32mOK[0m
  MUL_MAT_ID(type_a=f32,type_b=f32,n_mats=4,n_used=1,b=1,m=512,n=1,k=256): [1;32mOK[0m
  MUL_MAT_ID(type_a=f32,type_b=f32,n_mats=4,n_used=1,b=1,m=512,n=4,k=256): [1;32mOK[0m
  MUL_MAT_ID(type_a=f32,type_b=f32,n_mats=4,n_used=1,b=1,m=512,n=5,k=256): [1;32mOK[0m
  MUL_MAT_ID(type_a=f32,type_b=f32,n_mats=4,n_used=1,b=1,m=512,n=17,k=256): [1;32mOK[0m
  MUL_MAT_ID(type_a=f32,type_b=f32,n_mats=4,n_used=1,b=1,m=512,n=32,k=256): [1;32mOK[0m
  MUL_MAT_ID(type_a=f32,type_b=f32,n_mats=4,n_used=1,b=1,m=512,n=129,k=256): [1;32mOK[0m
  MUL_MAT_ID(type_a=f32,type_b=f32,n_mats=4,n_used=2,b=0,m=512,n=1,k=256): [1;32mOK[0m
  MUL_MAT_ID(type_a=f32,type_b=f32,n_mats=4,n_used=2,b=0,m=512,n=4,k=256): [1;32mOK[0m
  MUL_MAT_ID(type_a=f32,type_b=f32,n_mats=4,n_used=2,b=0,m=512,n=5,k=256): [1;32mOK[0m
  MUL_MAT_ID(type_a=f32,type_b=f32,n_mats=4,n_used=2,b=0,m=512,n=17,k=256): [1;32mOK[0m
  MUL_MAT_ID(type_a=f32,type_b=f32,n_mats=4,n_used=2,b=0,m=512,n=32,k=256): [1;32mOK[0m
  MUL_MAT_ID(type_a=f32,type_b=f32,n_mats=4,n_used=2,b=0,m=512,n=129,k=256): [1;32mOK[0m
  MUL_MAT_ID(type_a=f32,type_b=f32,n_mats=4,n_used=2,b=1,m=512,n=1,k=256): [1;32mOK[0m
  MUL_MAT_ID(type_a=f32,type_b=f32,n_mats=4,n_used=2,b=1,m=512,n=4,k=256): [1;32mOK[0m
  MUL_MAT_ID(type_a=f32,type_b=f32,n_mats=4,n_used=2,b=1,m=512,n=5,k=256): [1;32mOK[0m
  MUL_MAT_ID(type_a=f32,type_b=f32,n_mats=4,n_used=2,b=1,m=512,n=17,k=256): [1;32mOK[0m
  MUL_MAT_ID(type_a=f32,type_b=f32,n_mats=4,n_used=2,b=1,m=512,n=32,k=256): [1;32mOK[0m
  MUL_MAT_ID(type_a=f32,type_b=f32,n_mats=4,n_used=2,b=1,m=512,n=129,k=256): [1;32mOK[0m
  MUL_MAT_ID(type_a=f32,type_b=f32,n_mats=4,n_used=4,b=0,m=512,n=1,k=256): [1;32mOK[0m
  MUL_MAT_ID(type_a=f32,type_b=f32,n_mats=4,n_used=4,b=0,m=512,n=4,k=256): [1;32mOK[0m
  MUL_MAT_ID(type_a=f32,type_b=f32,n_mats=4,n_used=4,b=0,m=512,n=5,k=256): [1;32mOK[0m
  MUL_MAT_ID(type_a=f32,type_b=f32,n_mats=4,n_used=4,b=0,m=512,n=17,k=256): [1;32mOK[0m
  MUL_MAT_ID(type_a=f32,type_b=f32,n_mats=4,n_used=4,b=0,m=512,n=32,k=256): [1;32mOK[0m
  MUL_MAT_ID(type_a=f32,type_b=f32,n_mats=4,n_used=4,b=0,m=512,n=129,k=256): [1;32mOK[0m
  MUL_MAT_ID(type_a=f32,type_b=f32,n_mats=4,n_used=4,b=1,m=512,n=1,k=256): [1;32mOK[0m
  MUL_MAT_ID(type_a=f32,type_b=f32,n_mats=4,n_used=4,b=1,m=512,n=4,k=256): [1;32mOK[0m
  MUL_MAT_ID(type_a=f32,type_b=f32,n_mats=4,n_used=4,b=1,m=512,n=5,k=256): [1;32mOK[0m
  MUL_MAT_ID(type_a=f32,type_b=f32,n_mats=4,n_used=4,b=1,m=512,n=17,k=256): [1;32mOK[0m
  MUL_MAT_ID(type_a=f32,type_b=f32,n_mats=4,n_used=4,b=1,m=512,n=32,k=256): [1;32mOK[0m
  MUL_MAT_ID(type_a=f32,type_b=f32,n_mats=4,n_used=4,b=1,m=512,n=129,k=256): [1;32mOK[0m
  MUL_MAT_ID(type_a=f32,type_b=f32,n_mats=8,n_used=1,b=0,m=512,n=1,k=256): [1;32mOK[0m
  MUL_MAT_ID(type_a=f32,type_b=f32,n_mats=8,n_used=1,b=0,m=512,n=4,k=256): [1;32mOK[0m
  MUL_MAT_ID(type_a=f32,type_b=f32,n_mats=8,n_used=1,b=0,m=512,n=5,k=256): [1;32mOK[0m
  MUL_MAT_ID(type_a=f32,type_b=f32,n_mats=8,n_used=1,b=0,m=512,n=17,k=256): [1;32mOK[0m
  MUL_MAT_ID(type_a=f32,type_b=f32,n_mats=8,n_used=1,b=0,m=512,n=32,k=256): [1;32mOK[0m
  MUL_MAT_ID(type_a=f32,type_b=f32,n_mats=8,n_used=1,b=0,m=512,n=129,k=256): [1;32mOK[0m
  MUL_MAT_ID(type_a=f32,type_b=f32,n_mats=8,n_used=1,b=1,m=512,n=1,k=256): [1;32mOK[0m
  MUL_MAT_ID(type_a=f32,type_b=f32,n_mats=8,n_used=1,b=1,m=512,n=4,k=256): [1;32mOK[0m
  MUL_MAT_ID(type_a=f32,type_b=f32,n_mats=8,n_used=1,b=1,m=512,n=5,k=256): [1;32mOK[0m
  MUL_MAT_ID(type_a=f32,type_b=f32,n_mats=8,n_used=1,b=1,m=512,n=17,k=256): [1;32mOK[0m
  MUL_MAT_ID(type_a=f32,type_b=f32,n_mats=8,n_used=1,b=1,m=512,n=32,k=256): [1;32mOK[0m
  MUL_MAT_ID(type_a=f32,type_b=f32,n_mats=8,n_used=1,b=1,m=512,n=129,k=256): [1;32mOK[0m
  MUL_MAT_ID(type_a=f32,type_b=f32,n_mats=8,n_used=2,b=0,m=512,n=1,k=256): [1;32mOK[0m
  MUL_MAT_ID(type_a=f32,type_b=f32,n_mats=8,n_used=2,b=0,m=512,n=4,k=256): [1;32mOK[0m
  MUL_MAT_ID(type_a=f32,type_b=f32,n_mats=8,n_used=2,b=0,m=512,n=5,k=256): [1;32mOK[0m
  MUL_MAT_ID(type_a=f32,type_b=f32,n_mats=8,n_used=2,b=0,m=512,n=17,k=256): [1;32mOK[0m
  MUL_MAT_ID(type_a=f32,type_b=f32,n_mats=8,n_used=2,b=0,m=512,n=32,k=256): [1;32mOK[0m
  MUL_MAT_ID(type_a=f32,type_b=f32,n_mats=8,n_used=2,b=0,m=512,n=129,k=256): [1;32mOK[0m
  MUL_MAT_ID(type_a=f32,type_b=f32,n_mats=8,n_used=2,b=1,m=512,n=1,k=256): [1;32mOK[0m
  MUL_MAT_ID(type_a=f32,type_b=f32,n_mats=8,n_used=2,b=1,m=512,n=4,k=256): [1;32mOK[0m
  MUL_MAT_ID(type_a=f32,type_b=f32,n_mats=8,n_used=2,b=1,m=512,n=5,k=256): [1;32mOK[0m
  MUL_MAT_ID(type_a=f32,type_b=f32,n_mats=8,n_used=2,b=1,m=512,n=17,k=256): [1;32mOK[0m
  MUL_MAT_ID(type_a=f32,type_b=f32,n_mats=8,n_used=2,b=1,m=512,n=32,k=256): [1;32mOK[0m
  MUL_MAT_ID(type_a=f32,type_b=f32,n_mats=8,n_used=2,b=1,m=512,n=129,k=256): [1;32mOK[0m
  MUL_MAT_ID(type_a=f32,type_b=f32,n_mats=8,n_used=4,b=0,m=512,n=1,k=256): [1;32mOK[0m
  MUL_MAT_ID(type_a=f32,type_b=f32,n_mats=8,n_used=4,b=0,m=512,n=4,k=256): [1;32mOK[0m
  MUL_MAT_ID(type_a=f32,type_b=f32,n_mats=8,n_used=4,b=0,m=512,n=5,k=256): [1;32mOK[0m
  MUL_MAT_ID(type_a=f32,type_b=f32,n_mats=8,n_used=4,b=0,m=512,n=17,k=256): [1;32mOK[0m
  MUL_MAT_ID(type_a=f32,type_b=f32,n_mats=8,n_used=4,b=0,m=512,n=32,k=256): [1;32mOK[0m
  MUL_MAT_ID(type_a=f32,type_b=f32,n_mats=8,n_used=4,b=0,m=512,n=129,k=256): [1;32mOK[0m
  MUL_MAT_ID(type_a=f32,type_b=f32,n_mats=8,n_used=4,b=1,m=512,n=1,k=256): [1;32mOK[0m
  MUL_MAT_ID(type_a=f32,type_b=f32,n_mats=8,n_used=4,b=1,m=512,n=4,k=256): [1;32mOK[0m
  MUL_MAT_ID(type_a=f32,type_b=f32,n_mats=8,n_used=4,b=1,m=512,n=5,k=256): [1;32mOK[0m
  MUL_MAT_ID(type_a=f32,type_b=f32,n_mats=8,n_used=4,b=1,m=512,n=17,k=256): [1;32mOK[0m
  MUL_MAT_ID(type_a=f32,type_b=f32,n_mats=8,n_used=4,b=1,m=512,n=32,k=256): [1;32mOK[0m
  MUL_MAT_ID(type_a=f32,type_b=f32,n_mats=8,n_used=4,b=1,m=512,n=129,k=256): [1;32mOK[0m
  MUL_MAT_ID(type_a=f16,type_b=f32,n_mats=4,n_used=1,b=0,m=512,n=1,k=256): [1;32mOK[0m
  MUL_MAT_ID(type_a=f16,type_b=f32,n_mats=4,n_used=1,b=0,m=512,n=4,k=256): [1;32mOK[0m
  MUL_MAT_ID(type_a=f16,type_b=f32,n_mats=4,n_used=1,b=0,m=512,n=5,k=256): [1;32mOK[0m
  MUL_MAT_ID(type_a=f16,type_b=f32,n_mats=4,n_used=1,b=0,m=512,n=17,k=256): [1;32mOK[0m
  MUL_MAT_ID(type_a=f16,type_b=f32,n_mats=4,n_used=1,b=0,m=512,n=32,k=256): [1;32mOK[0m
  MUL_MAT_ID(type_a=f16,type_b=f32,n_mats=4,n_used=1,b=0,m=512,n=129,k=256): [1;32mOK[0m
  MUL_MAT_ID(type_a=f16,type_b=f32,n_mats=4,n_used=1,b=1,m=512,n=1,k=256): [1;32mOK[0m
  MUL_MAT_ID(type_a=f16,type_b=f32,n_mats=4,n_used=1,b=1,m=512,n=4,k=256): [1;32mOK[0m
  MUL_MAT_ID(type_a=f16,type_b=f32,n_mats=4,n_used=1,b=1,m=512,n=5,k=256): [1;32mOK[0m
  MUL_MAT_ID(type_a=f16,type_b=f32,n_mats=4,n_used=1,b=1,m=512,n=17,k=256): [1;32mOK[0m
  MUL_MAT_ID(type_a=f16,type_b=f32,n_mats=4,n_used=1,b=1,m=512,n=32,k=256): [1;32mOK[0m
  MUL_MAT_ID(type_a=f16,type_b=f32,n_mats=4,n_used=1,b=1,m=512,n=129,k=256): [1;32mOK[0m
  MUL_MAT_ID(type_a=f16,type_b=f32,n_mats=4,n_used=2,b=0,m=512,n=1,k=256): [1;32mOK[0m
  MUL_MAT_ID(type_a=f16,type_b=f32,n_mats=4,n_used=2,b=0,m=512,n=4,k=256): [1;32mOK[0m
  MUL_MAT_ID(type_a=f16,type_b=f32,n_mats=4,n_used=2,b=0,m=512,n=5,k=256): [1;32mOK[0m
  MUL_MAT_ID(type_a=f16,type_b=f32,n_mats=4,n_used=2,b=0,m=512,n=17,k=256): [1;32mOK[0m
  MUL_MAT_ID(type_a=f16,type_b=f32,n_mats=4,n_used=2,b=0,m=512,n=32,k=256): [1;32mOK[0m
  MUL_MAT_ID(type_a=f16,type_b=f32,n_mats=4,n_used=2,b=0,m=512,n=129,k=256): [1;32mOK[0m
  MUL_MAT_ID(type_a=f16,type_b=f32,n_mats=4,n_used=2,b=1,m=512,n=1,k=256): [1;32mOK[0m
  MUL_MAT_ID(type_a=f16,type_b=f32,n_mats=4,n_used=2,b=1,m=512,n=4,k=256): [1;32mOK[0m
  MUL_MAT_ID(type_a=f16,type_b=f32,n_mats=4,n_used=2,b=1,m=512,n=5,k=256): [1;32mOK[0m
  MUL_MAT_ID(type_a=f16,type_b=f32,n_mats=4,n_used=2,b=1,m=512,n=17,k=256): [1;32mOK[0m
  MUL_MAT_ID(type_a=f16,type_b=f32,n_mats=4,n_used=2,b=1,m=512,n=32,k=256): [1;32mOK[0m
  MUL_MAT_ID(type_a=f16,type_b=f32,n_mats=4,n_used=2,b=1,m=512,n=129,k=256): [1;32mOK[0m
  MUL_MAT_ID(type_a=f16,type_b=f32,n_mats=4,n_used=4,b=0,m=512,n=1,k=256): [1;32mOK[0m
  MUL_MAT_ID(type_a=f16,type_b=f32,n_mats=4,n_used=4,b=0,m=512,n=4,k=256): [1;32mOK[0m
  MUL_MAT_ID(type_a=f16,type_b=f32,n_mats=4,n_used=4,b=0,m=512,n=5,k=256): [1;32mOK[0m
  MUL_MAT_ID(type_a=f16,type_b=f32,n_mats=4,n_used=4,b=0,m=512,n=17,k=256): [1;32mOK[0m
  MUL_MAT_ID(type_a=f16,type_b=f32,n_mats=4,n_used=4,b=0,m=512,n=32,k=256): [1;32mOK[0m
  MUL_MAT_ID(type_a=f16,type_b=f32,n_mats=4,n_used=4,b=0,m=512,n=129,k=256): [1;32mOK[0m
  MUL_MAT_ID(type_a=f16,type_b=f32,n_mats=4,n_used=4,b=1,m=512,n=1,k=256): [1;32mOK[0m
  MUL_MAT_ID(type_a=f16,type_b=f32,n_mats=4,n_used=4,b=1,m=512,n=4,k=256): [1;32mOK[0m
  MUL_MAT_ID(type_a=f16,type_b=f32,n_mats=4,n_used=4,b=1,m=512,n=5,k=256): [1;32mOK[0m
  MUL_MAT_ID(type_a=f16,type_b=f32,n_mats=4,n_used=4,b=1,m=512,n=17,k=256): [1;32mOK[0m
  MUL_MAT_ID(type_a=f16,type_b=f32,n_mats=4,n_used=4,b=1,m=512,n=32,k=256): [1;32mOK[0m
  MUL_MAT_ID(type_a=f16,type_b=f32,n_mats=4,n_used=4,b=1,m=512,n=129,k=256): [1;32mOK[0m
  MUL_MAT_ID(type_a=f16,type_b=f32,n_mats=8,n_used=1,b=0,m=512,n=1,k=256): [1;32mOK[0m
  MUL_MAT_ID(type_a=f16,type_b=f32,n_mats=8,n_used=1,b=0,m=512,n=4,k=256): [1;32mOK[0m
  MUL_MAT_ID(type_a=f16,type_b=f32,n_mats=8,n_used=1,b=0,m=512,n=5,k=256): [1;32mOK[0m
  MUL_MAT_ID(type_a=f16,type_b=f32,n_mats=8,n_used=1,b=0,m=512,n=17,k=256): [1;32mOK[0m
  MUL_MAT_ID(type_a=f16,type_b=f32,n_mats=8,n_used=1,b=0,m=512,n=32,k=256): [1;32mOK[0m
  MUL_MAT_ID(type_a=f16,type_b=f32,n_mats=8,n_used=1,b=0,m=512,n=129,k=256): [1;32mOK[0m
  MUL_MAT_ID(type_a=f16,type_b=f32,n_mats=8,n_used=1,b=1,m=512,n=1,k=256): [1;32mOK[0m
  MUL_MAT_ID(type_a=f16,type_b=f32,n_mats=8,n_used=1,b=1,m=512,n=4,k=256): [1;32mOK[0m
  MUL_MAT_ID(type_a=f16,type_b=f32,n_mats=8,n_used=1,b=1,m=512,n=5,k=256): [1;32mOK[0m
  MUL_MAT_ID(type_a=f16,type_b=f32,n_mats=8,n_used=1,b=1,m=512,n=17,k=256): [1;32mOK[0m
  MUL_MAT_ID(type_a=f16,type_b=f32,n_mats=8,n_used=1,b=1,m=512,n=32,k=256): [1;32mOK[0m
  MUL_MAT_ID(type_a=f16,type_b=f32,n_mats=8,n_used=1,b=1,m=512,n=129,k=256): [1;32mOK[0m
  MUL_MAT_ID(type_a=f16,type_b=f32,n_mats=8,n_used=2,b=0,m=512,n=1,k=256): [1;32mOK[0m
  MUL_MAT_ID(type_a=f16,type_b=f32,n_mats=8,n_used=2,b=0,m=512,n=4,k=256): [1;32mOK[0m
  MUL_MAT_ID(type_a=f16,type_b=f32,n_mats=8,n_used=2,b=0,m=512,n=5,k=256): [1;32mOK[0m
  MUL_MAT_ID(type_a=f16,type_b=f32,n_mats=8,n_used=2,b=0,m=512,n=17,k=256): [1;32mOK[0m
  MUL_MAT_ID(type_a=f16,type_b=f32,n_mats=8,n_used=2,b=0,m=512,n=32,k=256): [1;32mOK[0m
  MUL_MAT_ID(type_a=f16,type_b=f32,n_mats=8,n_used=2,b=0,m=512,n=129,k=256): [1;32mOK[0m
  MUL_MAT_ID(type_a=f16,type_b=f32,n_mats=8,n_used=2,b=1,m=512,n=1,k=256): [1;32mOK[0m
  MUL_MAT_ID(type_a=f16,type_b=f32,n_mats=8,n_used=2,b=1,m=512,n=4,k=256): [1;32mOK[0m
  MUL_MAT_ID(type_a=f16,type_b=f32,n_mats=8,n_used=2,b=1,m=512,n=5,k=256): [1;32mOK[0m
  MUL_MAT_ID(type_a=f16,type_b=f32,n_mats=8,n_used=2,b=1,m=512,n=17,k=256): [1;32mOK[0m
  MUL_MAT_ID(type_a=f16,type_b=f32,n_mats=8,n_used=2,b=1,m=512,n=32,k=256): [1;32mOK[0m
  MUL_MAT_ID(type_a=f16,type_b=f32,n_mats=8,n_used=2,b=1,m=512,n=129,k=256): [1;32mOK[0m
  MUL_MAT_ID(type_a=f16,type_b=f32,n_mats=8,n_used=4,b=0,m=512,n=1,k=256): [1;32mOK[0m
  MUL_MAT_ID(type_a=f16,type_b=f32,n_mats=8,n_used=4,b=0,m=512,n=4,k=256): [1;32mOK[0m
  MUL_MAT_ID(type_a=f16,type_b=f32,n_mats=8,n_used=4,b=0,m=512,n=5,k=256): [1;32mOK[0m
  MUL_MAT_ID(type_a=f16,type_b=f32,n_mats=8,n_used=4,b=0,m=512,n=17,k=256): [1;32mOK[0m
  MUL_MAT_ID(type_a=f16,type_b=f32,n_mats=8,n_used=4,b=0,m=512,n=32,k=256): [1;32mOK[0m
  MUL_MAT_ID(type_a=f16,type_b=f32,n_mats=8,n_used=4,b=0,m=512,n=129,k=256): [1;32mOK[0m
  MUL_MAT_ID(type_a=f16,type_b=f32,n_mats=8,n_used=4,b=1,m=512,n=1,k=256): [1;32mOK[0m
  MUL_MAT_ID(type_a=f16,type_b=f32,n_mats=8,n_used=4,b=1,m=512,n=4,k=256): [1;32mOK[0m
  MUL_MAT_ID(type_a=f16,type_b=f32,n_mats=8,n_used=4,b=1,m=512,n=5,k=256): [1;32mOK[0m
  MUL_MAT_ID(type_a=f16,type_b=f32,n_mats=8,n_used=4,b=1,m=512,n=17,k=256): [1;32mOK[0m
  MUL_MAT_ID(type_a=f16,type_b=f32,n_mats=8,n_used=4,b=1,m=512,n=32,k=256): [1;32mOK[0m
  MUL_MAT_ID(type_a=f16,type_b=f32,n_mats=8,n_used=4,b=1,m=512,n=129,k=256): [1;32mOK[0m
  MUL_MAT_ID(type_a=q8_0,type_b=f32,n_mats=4,n_used=1,b=0,m=512,n=1,k=256): [1;32mOK[0m
  MUL_MAT_ID(type_a=q8_0,type_b=f32,n_mats=4,n_used=1,b=0,m=512,n=4,k=256): [1;32mOK[0m
  MUL_MAT_ID(type_a=q8_0,type_b=f32,n_mats=4,n_used=1,b=0,m=512,n=5,k=256): [1;32mOK[0m
  MUL_MAT_ID(type_a=q8_0,type_b=f32,n_mats=4,n_used=1,b=0,m=512,n=17,k=256): [1;32mOK[0m
  MUL_MAT_ID(type_a=q8_0,type_b=f32,n_mats=4,n_used=1,b=0,m=512,n=32,k=256): [1;32mOK[0m
  MUL_MAT_ID(type_a=q8_0,type_b=f32,n_mats=4,n_used=1,b=0,m=512,n=129,k=256): [1;32mOK[0m
  MUL_MAT_ID(type_a=q8_0,type_b=f32,n_mats=4,n_used=1,b=1,m=512,n=1,k=256): [1;32mOK[0m
  MUL_MAT_ID(type_a=q8_0,type_b=f32,n_mats=4,n_used=1,b=1,m=512,n=4,k=256): [1;32mOK[0m
  MUL_MAT_ID(type_a=q8_0,type_b=f32,n_mats=4,n_used=1,b=1,m=512,n=5,k=256): [1;32mOK[0m
  MUL_MAT_ID(type_a=q8_0,type_b=f32,n_mats=4,n_used=1,b=1,m=512,n=17,k=256): [1;32mOK[0m
  MUL_MAT_ID(type_a=q8_0,type_b=f32,n_mats=4,n_used=1,b=1,m=512,n=32,k=256): [1;32mOK[0m
  MUL_MAT_ID(type_a=q8_0,type_b=f32,n_mats=4,n_used=1,b=1,m=512,n=129,k=256): [1;32mOK[0m
  MUL_MAT_ID(type_a=q8_0,type_b=f32,n_mats=4,n_used=2,b=0,m=512,n=1,k=256): [1;32mOK[0m
  MUL_MAT_ID(type_a=q8_0,type_b=f32,n_mats=4,n_used=2,b=0,m=512,n=4,k=256): [1;32mOK[0m
  MUL_MAT_ID(type_a=q8_0,type_b=f32,n_mats=4,n_used=2,b=0,m=512,n=5,k=256): [1;32mOK[0m
  MUL_MAT_ID(type_a=q8_0,type_b=f32,n_mats=4,n_used=2,b=0,m=512,n=17,k=256): [1;32mOK[0m
  MUL_MAT_ID(type_a=q8_0,type_b=f32,n_mats=4,n_used=2,b=0,m=512,n=32,k=256): [1;32mOK[0m
  MUL_MAT_ID(type_a=q8_0,type_b=f32,n_mats=4,n_used=2,b=0,m=512,n=129,k=256): [1;32mOK[0m
  MUL_MAT_ID(type_a=q8_0,type_b=f32,n_mats=4,n_used=2,b=1,m=512,n=1,k=256): [1;32mOK[0m
  MUL_MAT_ID(type_a=q8_0,type_b=f32,n_mats=4,n_used=2,b=1,m=512,n=4,k=256): [1;32mOK[0m
  MUL_MAT_ID(type_a=q8_0,type_b=f32,n_mats=4,n_used=2,b=1,m=512,n=5,k=256): [1;32mOK[0m
  MUL_MAT_ID(type_a=q8_0,type_b=f32,n_mats=4,n_used=2,b=1,m=512,n=17,k=256): [1;32mOK[0m
  MUL_MAT_ID(type_a=q8_0,type_b=f32,n_mats=4,n_used=2,b=1,m=512,n=32,k=256): [1;32mOK[0m
  MUL_MAT_ID(type_a=q8_0,type_b=f32,n_mats=4,n_used=2,b=1,m=512,n=129,k=256): [1;32mOK[0m
  MUL_MAT_ID(type_a=q8_0,type_b=f32,n_mats=4,n_used=4,b=0,m=512,n=1,k=256): [1;32mOK[0m
  MUL_MAT_ID(type_a=q8_0,type_b=f32,n_mats=4,n_used=4,b=0,m=512,n=4,k=256): [1;32mOK[0m
  MUL_MAT_ID(type_a=q8_0,type_b=f32,n_mats=4,n_used=4,b=0,m=512,n=5,k=256): [1;32mOK[0m
  MUL_MAT_ID(type_a=q8_0,type_b=f32,n_mats=4,n_used=4,b=0,m=512,n=17,k=256): [1;32mOK[0m
  MUL_MAT_ID(type_a=q8_0,type_b=f32,n_mats=4,n_used=4,b=0,m=512,n=32,k=256): [1;32mOK[0m
  MUL_MAT_ID(type_a=q8_0,type_b=f32,n_mats=4,n_used=4,b=0,m=512,n=129,k=256): [1;32mOK[0m
  MUL_MAT_ID(type_a=q8_0,type_b=f32,n_mats=4,n_used=4,b=1,m=512,n=1,k=256): [1;32mOK[0m
  MUL_MAT_ID(type_a=q8_0,type_b=f32,n_mats=4,n_used=4,b=1,m=512,n=4,k=256): [1;32mOK[0m
  MUL_MAT_ID(type_a=q8_0,type_b=f32,n_mats=4,n_used=4,b=1,m=512,n=5,k=256): [1;32mOK[0m
  MUL_MAT_ID(type_a=q8_0,type_b=f32,n_mats=4,n_used=4,b=1,m=512,n=17,k=256): [1;32mOK[0m
  MUL_MAT_ID(type_a=q8_0,type_b=f32,n_mats=4,n_used=4,b=1,m=512,n=32,k=256): [1;32mOK[0m
  MUL_MAT_ID(type_a=q8_0,type_b=f32,n_mats=4,n_used=4,b=1,m=512,n=129,k=256): [1;32mOK[0m
  MUL_MAT_ID(type_a=q8_0,type_b=f32,n_mats=8,n_used=1,b=0,m=512,n=1,k=256): [1;32mOK[0m
  MUL_MAT_ID(type_a=q8_0,type_b=f32,n_mats=8,n_used=1,b=0,m=512,n=4,k=256): [1;32mOK[0m
  MUL_MAT_ID(type_a=q8_0,type_b=f32,n_mats=8,n_used=1,b=0,m=512,n=5,k=256): [1;32mOK[0m
  MUL_MAT_ID(type_a=q8_0,type_b=f32,n_mats=8,n_used=1,b=0,m=512,n=17,k=256): [1;32mOK[0m
  MUL_MAT_ID(type_a=q8_0,type_b=f32,n_mats=8,n_used=1,b=0,m=512,n=32,k=256): [1;32mOK[0m
  MUL_MAT_ID(type_a=q8_0,type_b=f32,n_mats=8,n_used=1,b=0,m=512,n=129,k=256): [1;32mOK[0m
  MUL_MAT_ID(type_a=q8_0,type_b=f32,n_mats=8,n_used=1,b=1,m=512,n=1,k=256): [1;32mOK[0m
  MUL_MAT_ID(type_a=q8_0,type_b=f32,n_mats=8,n_used=1,b=1,m=512,n=4,k=256): [1;32mOK[0m
  MUL_MAT_ID(type_a=q8_0,type_b=f32,n_mats=8,n_used=1,b=1,m=512,n=5,k=256): [1;32mOK[0m
  MUL_MAT_ID(type_a=q8_0,type_b=f32,n_mats=8,n_used=1,b=1,m=512,n=17,k=256): [1;32mOK[0m
  MUL_MAT_ID(type_a=q8_0,type_b=f32,n_mats=8,n_used=1,b=1,m=512,n=32,k=256): [1;32mOK[0m
  MUL_MAT_ID(type_a=q8_0,type_b=f32,n_mats=8,n_used=1,b=1,m=512,n=129,k=256): [1;32mOK[0m
  MUL_MAT_ID(type_a=q8_0,type_b=f32,n_mats=8,n_used=2,b=0,m=512,n=1,k=256): [1;32mOK[0m
  MUL_MAT_ID(type_a=q8_0,type_b=f32,n_mats=8,n_used=2,b=0,m=512,n=4,k=256): [1;32mOK[0m
  MUL_MAT_ID(type_a=q8_0,type_b=f32,n_mats=8,n_used=2,b=0,m=512,n=5,k=256): [1;32mOK[0m
  MUL_MAT_ID(type_a=q8_0,type_b=f32,n_mats=8,n_used=2,b=0,m=512,n=17,k=256): [1;32mOK[0m
  MUL_MAT_ID(type_a=q8_0,type_b=f32,n_mats=8,n_used=2,b=0,m=512,n=32,k=256): [1;32mOK[0m
  MUL_MAT_ID(type_a=q8_0,type_b=f32,n_mats=8,n_used=2,b=0,m=512,n=129,k=256): [1;32mOK[0m
  MUL_MAT_ID(type_a=q8_0,type_b=f32,n_mats=8,n_used=2,b=1,m=512,n=1,k=256): [1;32mOK[0m
  MUL_MAT_ID(type_a=q8_0,type_b=f32,n_mats=8,n_used=2,b=1,m=512,n=4,k=256): [1;32mOK[0m
  MUL_MAT_ID(type_a=q8_0,type_b=f32,n_mats=8,n_used=2,b=1,m=512,n=5,k=256): [1;32mOK[0m
  MUL_MAT_ID(type_a=q8_0,type_b=f32,n_mats=8,n_used=2,b=1,m=512,n=17,k=256): [1;32mOK[0m
  MUL_MAT_ID(type_a=q8_0,type_b=f32,n_mats=8,n_used=2,b=1,m=512,n=32,k=256): [1;32mOK[0m
  MUL_MAT_ID(type_a=q8_0,type_b=f32,n_mats=8,n_used=2,b=1,m=512,n=129,k=256): [1;32mOK[0m
  MUL_MAT_ID(type_a=q8_0,type_b=f32,n_mats=8,n_used=4,b=0,m=512,n=1,k=256): [1;32mOK[0m
  MUL_MAT_ID(type_a=q8_0,type_b=f32,n_mats=8,n_used=4,b=0,m=512,n=4,k=256): [1;32mOK[0m
  MUL_MAT_ID(type_a=q8_0,type_b=f32,n_mats=8,n_used=4,b=0,m=512,n=5,k=256): [1;32mOK[0m
  MUL_MAT_ID(type_a=q8_0,type_b=f32,n_mats=8,n_used=4,b=0,m=512,n=17,k=256): [1;32mOK[0m
  MUL_MAT_ID(type_a=q8_0,type_b=f32,n_mats=8,n_used=4,b=0,m=512,n=32,k=256): [1;32mOK[0m
  MUL_MAT_ID(type_a=q8_0,type_b=f32,n_mats=8,n_used=4,b=0,m=512,n=129,k=256): [1;32mOK[0m
  MUL_MAT_ID(type_a=q8_0,type_b=f32,n_mats=8,n_used=4,b=1,m=512,n=1,k=256): [1;32mOK[0m
  MUL_MAT_ID(type_a=q8_0,type_b=f32,n_mats=8,n_used=4,b=1,m=512,n=4,k=256): [1;32mOK[0m
  MUL_MAT_ID(type_a=q8_0,type_b=f32,n_mats=8,n_used=4,b=1,m=512,n=5,k=256): [1;32mOK[0m
  MUL_MAT_ID(type_a=q8_0,type_b=f32,n_mats=8,n_used=4,b=1,m=512,n=17,k=256): [1;32mOK[0m
  MUL_MAT_ID(type_a=q8_0,type_b=f32,n_mats=8,n_used=4,b=1,m=512,n=32,k=256): [1;32mOK[0m
  MUL_MAT_ID(type_a=q8_0,type_b=f32,n_mats=8,n_used=4,b=1,m=512,n=129,k=256): [1;32mOK[0m
  MUL_MAT_ID(type_a=q4_0,type_b=f32,n_mats=4,n_used=1,b=0,m=512,n=1,k=256): [1;32mOK[0m
  MUL_MAT_ID(type_a=q4_0,type_b=f32,n_mats=4,n_used=1,b=0,m=512,n=4,k=256): [1;32mOK[0m
  MUL_MAT_ID(type_a=q4_0,type_b=f32,n_mats=4,n_used=1,b=0,m=512,n=5,k=256): [1;32mOK[0m
  MUL_MAT_ID(type_a=q4_0,type_b=f32,n_mats=4,n_used=1,b=0,m=512,n=17,k=256): [1;32mOK[0m
  MUL_MAT_ID(type_a=q4_0,type_b=f32,n_mats=4,n_used=1,b=0,m=512,n=32,k=256): [1;32mOK[0m
  MUL_MAT_ID(type_a=q4_0,type_b=f32,n_mats=4,n_used=1,b=0,m=512,n=129,k=256): [1;32mOK[0m
  MUL_MAT_ID(type_a=q4_0,type_b=f32,n_mats=4,n_used=1,b=1,m=512,n=1,k=256): [1;32mOK[0m
  MUL_MAT_ID(type_a=q4_0,type_b=f32,n_mats=4,n_used=1,b=1,m=512,n=4,k=256): [1;32mOK[0m
  MUL_MAT_ID(type_a=q4_0,type_b=f32,n_mats=4,n_used=1,b=1,m=512,n=5,k=256): [1;32mOK[0m
  MUL_MAT_ID(type_a=q4_0,type_b=f32,n_mats=4,n_used=1,b=1,m=512,n=17,k=256): [1;32mOK[0m
  MUL_MAT_ID(type_a=q4_0,type_b=f32,n_mats=4,n_used=1,b=1,m=512,n=32,k=256): [1;32mOK[0m
  MUL_MAT_ID(type_a=q4_0,type_b=f32,n_mats=4,n_used=1,b=1,m=512,n=129,k=256): [1;32mOK[0m
  MUL_MAT_ID(type_a=q4_0,type_b=f32,n_mats=4,n_used=2,b=0,m=512,n=1,k=256): [1;32mOK[0m
  MUL_MAT_ID(type_a=q4_0,type_b=f32,n_mats=4,n_used=2,b=0,m=512,n=4,k=256): [1;32mOK[0m
  MUL_MAT_ID(type_a=q4_0,type_b=f32,n_mats=4,n_used=2,b=0,m=512,n=5,k=256): [1;32mOK[0m
  MUL_MAT_ID(type_a=q4_0,type_b=f32,n_mats=4,n_used=2,b=0,m=512,n=17,k=256): [1;32mOK[0m
  MUL_MAT_ID(type_a=q4_0,type_b=f32,n_mats=4,n_used=2,b=0,m=512,n=32,k=256): [1;32mOK[0m
  MUL_MAT_ID(type_a=q4_0,type_b=f32,n_mats=4,n_used=2,b=0,m=512,n=129,k=256): [1;32mOK[0m
  MUL_MAT_ID(type_a=q4_0,type_b=f32,n_mats=4,n_used=2,b=1,m=512,n=1,k=256): [1;32mOK[0m
  MUL_MAT_ID(type_a=q4_0,type_b=f32,n_mats=4,n_used=2,b=1,m=512,n=4,k=256): [1;32mOK[0m
  MUL_MAT_ID(type_a=q4_0,type_b=f32,n_mats=4,n_used=2,b=1,m=512,n=5,k=256): [1;32mOK[0m
  MUL_MAT_ID(type_a=q4_0,type_b=f32,n_mats=4,n_used=2,b=1,m=512,n=17,k=256): [1;32mOK[0m
  MUL_MAT_ID(type_a=q4_0,type_b=f32,n_mats=4,n_used=2,b=1,m=512,n=32,k=256): [1;32mOK[0m
  MUL_MAT_ID(type_a=q4_0,type_b=f32,n_mats=4,n_used=2,b=1,m=512,n=129,k=256): [1;32mOK[0m
  MUL_MAT_ID(type_a=q4_0,type_b=f32,n_mats=4,n_used=4,b=0,m=512,n=1,k=256): [1;32mOK[0m
  MUL_MAT_ID(type_a=q4_0,type_b=f32,n_mats=4,n_used=4,b=0,m=512,n=4,k=256): [1;32mOK[0m
  MUL_MAT_ID(type_a=q4_0,type_b=f32,n_mats=4,n_used=4,b=0,m=512,n=5,k=256): [1;32mOK[0m
  MUL_MAT_ID(type_a=q4_0,type_b=f32,n_mats=4,n_used=4,b=0,m=512,n=17,k=256): [1;32mOK[0m
  MUL_MAT_ID(type_a=q4_0,type_b=f32,n_mats=4,n_used=4,b=0,m=512,n=32,k=256): [1;32mOK[0m
  MUL_MAT_ID(type_a=q4_0,type_b=f32,n_mats=4,n_used=4,b=0,m=512,n=129,k=256): [1;32mOK[0m
  MUL_MAT_ID(type_a=q4_0,type_b=f32,n_mats=4,n_used=4,b=1,m=512,n=1,k=256): [1;32mOK[0m
  MUL_MAT_ID(type_a=q4_0,type_b=f32,n_mats=4,n_used=4,b=1,m=512,n=4,k=256): [1;32mOK[0m
  MUL_MAT_ID(type_a=q4_0,type_b=f32,n_mats=4,n_used=4,b=1,m=512,n=5,k=256): [1;32mOK[0m
  MUL_MAT_ID(type_a=q4_0,type_b=f32,n_mats=4,n_used=4,b=1,m=512,n=17,k=256): [1;32mOK[0m
  MUL_MAT_ID(type_a=q4_0,type_b=f32,n_mats=4,n_used=4,b=1,m=512,n=32,k=256): [1;32mOK[0m
  MUL_MAT_ID(type_a=q4_0,type_b=f32,n_mats=4,n_used=4,b=1,m=512,n=129,k=256): [1;32mOK[0m
  MUL_MAT_ID(type_a=q4_0,type_b=f32,n_mats=8,n_used=1,b=0,m=512,n=1,k=256): [1;32mOK[0m
  MUL_MAT_ID(type_a=q4_0,type_b=f32,n_mats=8,n_used=1,b=0,m=512,n=4,k=256): [1;32mOK[0m
  MUL_MAT_ID(type_a=q4_0,type_b=f32,n_mats=8,n_used=1,b=0,m=512,n=5,k=256): [1;32mOK[0m
  MUL_MAT_ID(type_a=q4_0,type_b=f32,n_mats=8,n_used=1,b=0,m=512,n=17,k=256): [1;32mOK[0m
  MUL_MAT_ID(type_a=q4_0,type_b=f32,n_mats=8,n_used=1,b=0,m=512,n=32,k=256): [1;32mOK[0m
  MUL_MAT_ID(type_a=q4_0,type_b=f32,n_mats=8,n_used=1,b=0,m=512,n=129,k=256): [1;32mOK[0m
  MUL_MAT_ID(type_a=q4_0,type_b=f32,n_mats=8,n_used=1,b=1,m=512,n=1,k=256): [1;32mOK[0m
  MUL_MAT_ID(type_a=q4_0,type_b=f32,n_mats=8,n_used=1,b=1,m=512,n=4,k=256): [1;32mOK[0m
  MUL_MAT_ID(type_a=q4_0,type_b=f32,n_mats=8,n_used=1,b=1,m=512,n=5,k=256): [1;32mOK[0m
  MUL_MAT_ID(type_a=q4_0,type_b=f32,n_mats=8,n_used=1,b=1,m=512,n=17,k=256): [1;32mOK[0m
  MUL_MAT_ID(type_a=q4_0,type_b=f32,n_mats=8,n_used=1,b=1,m=512,n=32,k=256): [1;32mOK[0m
  MUL_MAT_ID(type_a=q4_0,type_b=f32,n_mats=8,n_used=1,b=1,m=512,n=129,k=256): [1;32mOK[0m
  MUL_MAT_ID(type_a=q4_0,type_b=f32,n_mats=8,n_used=2,b=0,m=512,n=1,k=256): [1;32mOK[0m
  MUL_MAT_ID(type_a=q4_0,type_b=f32,n_mats=8,n_used=2,b=0,m=512,n=4,k=256): [1;32mOK[0m
  MUL_MAT_ID(type_a=q4_0,type_b=f32,n_mats=8,n_used=2,b=0,m=512,n=5,k=256): [1;32mOK[0m
  MUL_MAT_ID(type_a=q4_0,type_b=f32,n_mats=8,n_used=2,b=0,m=512,n=17,k=256): [1;32mOK[0m
  MUL_MAT_ID(type_a=q4_0,type_b=f32,n_mats=8,n_used=2,b=0,m=512,n=32,k=256): [1;32mOK[0m
  MUL_MAT_ID(type_a=q4_0,type_b=f32,n_mats=8,n_used=2,b=0,m=512,n=129,k=256): [1;32mOK[0m
  MUL_MAT_ID(type_a=q4_0,type_b=f32,n_mats=8,n_used=2,b=1,m=512,n=1,k=256): [1;32mOK[0m
  MUL_MAT_ID(type_a=q4_0,type_b=f32,n_mats=8,n_used=2,b=1,m=512,n=4,k=256): [1;32mOK[0m
  MUL_MAT_ID(type_a=q4_0,type_b=f32,n_mats=8,n_used=2,b=1,m=512,n=5,k=256): [1;32mOK[0m
  MUL_MAT_ID(type_a=q4_0,type_b=f32,n_mats=8,n_used=2,b=1,m=512,n=17,k=256): [1;32mOK[0m
  MUL_MAT_ID(type_a=q4_0,type_b=f32,n_mats=8,n_used=2,b=1,m=512,n=32,k=256): [1;32mOK[0m
  MUL_MAT_ID(type_a=q4_0,type_b=f32,n_mats=8,n_used=2,b=1,m=512,n=129,k=256): [1;32mOK[0m
  MUL_MAT_ID(type_a=q4_0,type_b=f32,n_mats=8,n_used=4,b=0,m=512,n=1,k=256): [1;32mOK[0m
  MUL_MAT_ID(type_a=q4_0,type_b=f32,n_mats=8,n_used=4,b=0,m=512,n=4,k=256): [1;32mOK[0m
  MUL_MAT_ID(type_a=q4_0,type_b=f32,n_mats=8,n_used=4,b=0,m=512,n=5,k=256): [1;32mOK[0m
  MUL_MAT_ID(type_a=q4_0,type_b=f32,n_mats=8,n_used=4,b=0,m=512,n=17,k=256): [1;32mOK[0m
  MUL_MAT_ID(type_a=q4_0,type_b=f32,n_mats=8,n_used=4,b=0,m=512,n=32,k=256): [1;32mOK[0m
  MUL_MAT_ID(type_a=q4_0,type_b=f32,n_mats=8,n_used=4,b=0,m=512,n=129,k=256): [1;32mOK[0m
  MUL_MAT_ID(type_a=q4_0,type_b=f32,n_mats=8,n_used=4,b=1,m=512,n=1,k=256): [1;32mOK[0m
  MUL_MAT_ID(type_a=q4_0,type_b=f32,n_mats=8,n_used=4,b=1,m=512,n=4,k=256): [1;32mOK[0m
  MUL_MAT_ID(type_a=q4_0,type_b=f32,n_mats=8,n_used=4,b=1,m=512,n=5,k=256): [1;32mOK[0m
  MUL_MAT_ID(type_a=q4_0,type_b=f32,n_mats=8,n_used=4,b=1,m=512,n=17,k=256): [1;32mOK[0m
  MUL_MAT_ID(type_a=q4_0,type_b=f32,n_mats=8,n_used=4,b=1,m=512,n=32,k=256): [1;32mOK[0m
  MUL_MAT_ID(type_a=q4_0,type_b=f32,n_mats=8,n_used=4,b=1,m=512,n=129,k=256): [1;32mOK[0m
  MUL_MAT_ID(type_a=q8_0,type_b=f32,n_mats=4,n_used=2,b=0,m=512,n=1,k=256): [1;32mOK[0m
  MUL_MAT_ID(type_a=q8_0,type_b=f32,n_mats=4,n_used=2,b=0,m=512,n=32,k=256): [1;32mOK[0m
  302/302 tests passed
  Backend CUDA0: [1;32mOK[0m
Backend 2/2: CPU
  Skipping
2/2 backends passed
[1;32mOK[0m
