Collecting data...
Generating 'C:\Users\cadel\AppData\Local\Temp\nsys-report-50ca.qdstrm'

[1/1] [0%                          ] gap-pipeline-trace.nsys-rep
[1/1] [0%                          ] gap-pipeline-trace.nsys-rep
[1/1] [9%                          ] gap-pipeline-trace.nsys-rep
[1/1] [8%                          ] gap-pipeline-trace.nsys-rep
[1/1] [7%                          ] gap-pipeline-trace.nsys-rep
[1/1] [6%                          ] gap-pipeline-trace.nsys-rep
[1/1] [5%                          ] gap-pipeline-trace.nsys-rep
[1/1] [10%                         ] gap-pipeline-trace.nsys-rep
[1/1] [9%                          ] gap-pipeline-trace.nsys-rep
[1/1] [8%                          ] gap-pipeline-trace.nsys-rep
[1/1] [7%                          ] gap-pipeline-trace.nsys-rep
[1/1] [6%                          ] gap-pipeline-trace.nsys-rep
[1/1] [5%                          ] gap-pipeline-trace.nsys-rep
[1/1] [6%                          ] gap-pipeline-trace.nsys-rep
[1/1] [8%                          ] gap-pipeline-trace.nsys-rep
[1/1] [10%                         ] gap-pipeline-trace.nsys-rep
[1/1] [12%                         ] gap-pipeline-trace.nsys-rep
[1/1] [14%                         ] gap-pipeline-trace.nsys-rep
[1/1] [=17%                        ] gap-pipeline-trace.nsys-rep
[1/1] [==19%                       ] gap-pipeline-trace.nsys-rep
[1/1] [==21%                       ] gap-pipeline-trace.nsys-rep
[1/1] [===23%                      ] gap-pipeline-trace.nsys-rep
[1/1] [====25%                     ] gap-pipeline-trace.nsys-rep
[1/1] [====27%                     ] gap-pipeline-trace.nsys-rep
[1/1] [=====29%                    ] gap-pipeline-trace.nsys-rep
[1/1] [=====31%                    ] gap-pipeline-trace.nsys-rep
[1/1] [======34%                   ] gap-pipeline-trace.nsys-rep
[1/1] [=======36%                  ] gap-pipeline-trace.nsys-rep
[1/1] [=======38%                  ] gap-pipeline-trace.nsys-rep
[1/1] [========40%                 ] gap-pipeline-trace.nsys-rep
[1/1] [========42%                 ] gap-pipeline-trace.nsys-rep
[1/1] [=========44%                ] gap-pipeline-trace.nsys-rep
[1/1] [=========46%                ] gap-pipeline-trace.nsys-rep
[1/1] [==========49%               ] gap-pipeline-trace.nsys-rep
[1/1] [===========51%              ] gap-pipeline-trace.nsys-rep
[1/1] [===========53%              ] gap-pipeline-trace.nsys-rep
[1/1] [============55%             ] gap-pipeline-trace.nsys-rep
[1/1] [============57%             ] gap-pipeline-trace.nsys-rep
[1/1] [=============59%            ] gap-pipeline-trace.nsys-rep
[1/1] [==============61%           ] gap-pipeline-trace.nsys-rep
[1/1] [==============63%           ] gap-pipeline-trace.nsys-rep
[1/1] [===============66%          ] gap-pipeline-trace.nsys-rep
[1/1] [================68%         ] gap-pipeline-trace.nsys-rep
[1/1] [================70%         ] gap-pipeline-trace.nsys-rep
[1/1] [=================72%        ] gap-pipeline-trace.nsys-rep
[1/1] [=================74%        ] gap-pipeline-trace.nsys-rep
[1/1] [==================75%       ] gap-pipeline-trace.nsys-rep
[1/1] [========================100%] gap-pipeline-trace.nsys-rep
[1/1] [========================100%] gap-pipeline-trace.nsys-rep
Generated:
	C:\Users\cadel\Documents\Coding_Projects\p100 FreeToken\reports/gap-pipeline-trace.nsys-rep
