
Processing 601466 events: [1%                                                  ]
Processing 601466 events: [2%                                                  ]
Processing 601466 events: [3%                                                  ]
Processing 601466 events: [4%                                                  ]
Processing 601466 events: [5%                                                  ]
Processing 601466 events: [=6%                                                 ]
Processing 601466 events: [=7%                                                 ]
Processing 601466 events: [==8%                                                ]
Processing 601466 events: [==9%                                                ]
Processing 601466 events: [==10%                                               ]
Processing 601466 events: [==11%                                               ]
Processing 601466 events: [===12%                                              ]
Processing 601466 events: [===13%                                              ]
Processing 601466 events: [====14%                                             ]
Processing 601466 events: [====15%                                             ]
Processing 601466 events: [=====16%                                            ]
Processing 601466 events: [=====17%                                            ]
Processing 601466 events: [======18%                                           ]
Processing 601466 events: [======19%                                           ]
Processing 601466 events: [=======20%                                          ]
Processing 601466 events: [=======21%                                          ]
Processing 601466 events: [========22%                                         ]
Processing 601466 events: [========23%                                         ]
Processing 601466 events: [=========24%                                        ]
Processing 601466 events: [==========25%                                       ]
Processing 601466 events: [==========26%                                       ]
Processing 601466 events: [===========27%                                      ]
Processing 601466 events: [===========28%                                      ]
Processing 601466 events: [============29%                                     ]
Processing 601466 events: [============30%                                     ]
Processing 601466 events: [=============31%                                    ]
Processing 601466 events: [=============32%                                    ]
Processing 601466 events: [==============33%                                   ]
Processing 601466 events: [==============34%                                   ]
Processing 601466 events: [===============35%                                  ]
Processing 601466 events: [===============36%                                  ]
Processing 601466 events: [================37%                                 ]
Processing 601466 events: [================38%                                 ]
Processing 601466 events: [=================39%                                ]
Processing 601466 events: [=================40%                                ]
Processing 601466 events: [==================41%                               ]
Processing 601466 events: [==================42%                               ]
Processing 601466 events: [===================43%                              ]
Processing 601466 events: [===================44%                              ]
Processing 601466 events: [====================45%                             ]
Processing 601466 events: [====================46%                             ]
Processing 601466 events: [=====================47%                            ]
Processing 601466 events: [=====================48%                            ]
Processing 601466 events: [======================49%                           ]
Processing 601466 events: [=======================50%                          ]
Processing 601466 events: [=======================51%                          ]
Processing 601466 events: [========================52%                         ]
Processing 601466 events: [========================53%                         ]
Processing 601466 events: [=========================54%                        ]
Processing 601466 events: [=========================55%                        ]
Processing 601466 events: [==========================56%                       ]
Processing 601466 events: [==========================57%                       ]
Processing 601466 events: [===========================58%                      ]
Processing 601466 events: [===========================59%                      ]
Processing 601466 events: [============================60%                     ]
Processing 601466 events: [============================61%                     ]
Processing 601466 events: [=============================62%                    ]
Processing 601466 events: [=============================63%                    ]
Processing 601466 events: [==============================64%                   ]
Processing 601466 events: [==============================65%                   ]
Processing 601466 events: [===============================66%                  ]
Processing 601466 events: [===============================67%                  ]
Processing 601466 events: [================================68%                 ]
Processing 601466 events: [================================69%                 ]
Processing 601466 events: [=================================70%                ]
Processing 601466 events: [=================================71%                ]
Processing 601466 events: [==================================72%               ]
Processing 601466 events: [==================================73%               ]
Processing 601466 events: [===================================74%              ]
Processing 601466 events: [====================================75%             ]
Processing 601466 events: [====================================76%             ]
Processing 601466 events: [=====================================77%            ]
Processing 601466 events: [=====================================78%            ]
Processing 601466 events: [======================================79%           ]
Processing 601466 events: [======================================80%           ]
Processing 601466 events: [=======================================81%          ]
Processing 601466 events: [=======================================82%          ]
Processing 601466 events: [========================================83%         ]
Processing 601466 events: [========================================84%         ]
Processing 601466 events: [=========================================85%        ]
Processing 601466 events: [=========================================86%        ]
Processing 601466 events: [==========================================87%       ]
Processing 601466 events: [==========================================88%       ]
Processing 601466 events: [===========================================89%      ]
Processing 601466 events: [===========================================90%      ]
Processing 601466 events: [============================================91%     ]
Processing 601466 events: [============================================92%     ]
Processing 601466 events: [=============================================93%    ]
Processing 601466 events: [=============================================94%    ]
Processing 601466 events: [==============================================95%   ]
Processing 601466 events: [==============================================96%   ]
Processing 601466 events: [===============================================97%  ]
Processing 601466 events: [===============================================98%  ]
Processing 601466 events: [================================================99% ]
Processing 601466 events: [================================================100%]
